main grid done in 1.4 min

== SD of log J-hat and coupling, by q and N (delta = 0.5 log q, eta = 1) ==
   q     N         arm mean_logJ sd_logJ corr_means lw_med frac_usable
  10   100     coupled     0.501  0.5201    0.78609  -20.3       1.000
  10   100 independent     0.275  1.5429    0.03388  -17.7       1.000
  10  1000     coupled     0.417  0.2600    0.81391  -19.5       0.999
  10  1000 independent     0.377  0.5919    0.06476  -19.6       1.000
  10 10000     coupled     0.366  0.0875    0.81824  -19.4       1.000
  10 10000 independent     0.358  0.2354   -0.10146  -19.6       1.000
  20   100     coupled     0.976  1.2732    0.97220  -53.2       0.900
  20   100 independent     1.194  3.9297   -0.00640  -50.2       0.910
  20  1000     coupled     0.548  0.7712    0.44463  -49.5       0.942
  20  1000 independent     0.761  2.2662    0.00484  -49.0       0.931
  20 10000     coupled     0.512  0.4700    0.96978  -49.8       0.938
  20 10000 independent     0.566  1.2771    0.04409  -50.6       0.924
  50   100     coupled     0.772  1.2158    0.99999 -179.8       0.520
  50   100 independent     0.412 10.2209   -0.01011 -170.8       0.510
  50  1000     coupled     0.720  1.0669    0.89561 -158.4       0.530
  50  1000 independent     1.284  6.6160   -0.00843 -154.2       0.558
  50 10000     coupled     0.658  0.9654    1.00000 -167.4       0.515
  50 10000 independent     0.815  5.8688   -0.01423 -162.2       0.535
 100   100     coupled     1.615  2.9309    0.93418 -306.5       0.550
 100   100 independent     2.206 16.6574   -0.01590 -281.2       0.680
 100  1000     coupled     1.322  2.1764    1.00000 -316.2       0.527
 100  1000 independent     0.801 13.3949   -0.01754 -303.8       0.560
 100 10000     coupled     1.285  2.0524    0.99723 -310.6       0.578
 100 10000 independent     0.601  8.8520   -0.01168 -298.6       0.537
 bias_vs_ref
     0.14824
    -0.07773
     0.06495
     0.02472
     0.01390
     0.00517
     0.56222
     0.78097
     0.13501
     0.34707
     0.09813
     0.15205
          NA
          NA
          NA
          NA
          NA
          NA
          NA
          NA
          NA
          NA
          NA
          NA

== SD ratio independent / coupled ==
   q     N sd_ratio corr_coupled
  10   100     2.97        0.786
  10  1000     2.28        0.814
  10 10000     2.69        0.818
  20   100     3.09        0.972
  20  1000     2.94        0.445
  20 10000     2.72        0.970
  50   100     8.41        1.000
  50  1000     6.20        0.896
  50 10000     6.08        1.000
 100   100     5.68        0.934
 100  1000     6.15        1.000
 100 10000     4.31        0.997

== bias anchors (q = 10, 20; reference se in parentheses) ==
  q logJ_ref   ref_se
 10   0.3526 0.001745
 20   0.4135 0.032233

max |bias_vs_ref| (coupled, q <= 20): 0.5622
