N =     2 done in 0.1 min
N =    10 done in 0.1 min
N =   100 done in 0.6 min
N =  1000 done in 5.4 min

== plug-in SBC vs N (R = 400, KS band 0.0679) ==
    N   stat chisq      p     ks ks_ok
    2      m  32.5 0.0274 0.0925 FALSE
    2    k11  26.4 0.1194 0.0500  TRUE
    2    k12  14.3 0.7659 0.0325  TRUE
    2 logdet  19.9 0.4006 0.0525  TRUE
   10      m  17.7 0.5426 0.0700 FALSE
   10    k11  12.1 0.8813 0.0275  TRUE
   10    k12  24.1 0.1923 0.0475  TRUE
   10 logdet  23.5 0.2160 0.0575  TRUE
  100      m  12.6 0.8584 0.0400  TRUE
  100    k11  21.4 0.3151 0.0900 FALSE
  100    k12  11.8 0.8940 0.0325  TRUE
  100 logdet  22.5 0.2601 0.0350  TRUE
 1000      m  15.3 0.7033 0.0375  TRUE
 1000    k11  19.8 0.4067 0.0400  TRUE
 1000    k12  21.5 0.3098 0.0500  TRUE
 1000 logdet  22.1 0.2793 0.0300  TRUE
Saved R/results/hier_sbc_vs_N_C.rds
