done in 0.1 min

== RMSE of log J-hat (coupled), by cell ==
         pair eta delta     N logJ_true      bias bias_mcse    rmse corr_means
        cycle 0.5     0   100     0.299  5.59e-03  0.008109 0.11452      0.705
        cycle 0.5     0  1000     0.299 -1.97e-03  0.002438 0.03444      0.742
        cycle 0.5     0 10000     0.299  7.65e-04  0.000740 0.01046      0.680
        cycle 0.5     1   100     0.158  1.75e-02  0.010937 0.15528      0.662
        cycle 0.5     1  1000     0.158 -1.96e-03  0.003629 0.05124      0.628
        cycle 0.5     1 10000     0.158 -1.04e-03  0.001140 0.01611      0.701
        cycle 0.5     2   100     0.102  1.44e-02  0.014065 0.19893      0.646
        cycle 0.5     2  1000     0.102 -5.17e-03  0.004880 0.06904      0.569
        cycle 0.5     2 10000     0.102  3.10e-04  0.001400 0.01976      0.622
        cycle 1.0     0   100     0.601  6.24e-03  0.003275 0.04662      0.786
        cycle 1.0     0  1000     0.601 -1.06e-03  0.001019 0.01442      0.782
        cycle 1.0     0 10000     0.601  4.29e-04  0.000334 0.00473      0.726
        cycle 1.0     1   100     0.398  5.39e-03  0.004288 0.06073      0.723
        cycle 1.0     1  1000     0.398 -1.88e-04  0.001386 0.01955      0.724
        cycle 1.0     1 10000     0.398 -5.40e-04  0.000420 0.00596      0.778
        cycle 1.0     2   100     0.294 -9.57e-04  0.004655 0.06568      0.786
        cycle 1.0     2  1000     0.294 -2.73e-03  0.001680 0.02386      0.711
        cycle 1.0     2 10000     0.294 -2.79e-04  0.000507 0.00716      0.698
        cycle 2.0     0   100     1.062  2.40e-03  0.001353 0.01924      0.808
        cycle 2.0     0  1000     1.062 -4.53e-04  0.000433 0.00612      0.761
        cycle 2.0     0 10000     1.062  2.19e-04  0.000140 0.00199      0.753
        cycle 2.0     1   100     0.813  2.38e-03  0.001642 0.02329      0.768
        cycle 2.0     1  1000     0.813  8.64e-05  0.000544 0.00768      0.781
        cycle 2.0     1 10000     0.813 -6.72e-05  0.000165 0.00233      0.813
        cycle 2.0     2   100     0.667  1.14e-03  0.001919 0.02710      0.801
        cycle 2.0     2  1000     0.667 -9.13e-04  0.000647 0.00917      0.776
        cycle 2.0     2 10000     0.667 -1.04e-04  0.000194 0.00274      0.776
 disconnected 0.5     0   100     0.345 -7.01e-04  0.006123 0.08638      0.733
 disconnected 0.5     0  1000     0.345  6.18e-03  0.002120 0.03054      0.716
 disconnected 0.5     0 10000     0.345 -8.95e-05  0.000671 0.00947      0.747
 disconnected 0.5     1   100     0.164 -2.21e-03  0.009648 0.13612      0.723
 disconnected 0.5     1  1000     0.164  3.13e-03  0.003212 0.04541      0.644
 disconnected 0.5     1 10000     0.164  2.69e-04  0.000872 0.01231      0.771
 disconnected 0.5     2   100     0.103  1.87e-02  0.014106 0.19987      0.693
 disconnected 0.5     2  1000     0.103  7.55e-03  0.004267 0.06066      0.597
 disconnected 0.5     2 10000     0.103  5.27e-04  0.001375 0.01940      0.667
 disconnected 1.0     0   100     0.710 -1.55e-03  0.002349 0.03317      0.811
 disconnected 1.0     0  1000     0.710  1.18e-03  0.000878 0.01244      0.764
 disconnected 1.0     0 10000     0.710  4.71e-04  0.000286 0.00406      0.778
 disconnected 1.0     1   100     0.427 -2.56e-03  0.003493 0.04934      0.788
 disconnected 1.0     1  1000     0.427 -2.92e-04  0.001183 0.01669      0.738
 disconnected 1.0     1 10000     0.427  2.68e-04  0.000339 0.00479      0.832
 disconnected 1.0     2   100     0.304  3.85e-03  0.004876 0.06889      0.775
 disconnected 1.0     2  1000     0.304  2.75e-03  0.001538 0.02187      0.726
 disconnected 1.0     2 10000     0.304  2.92e-04  0.000493 0.00695      0.732
 disconnected 2.0     0   100     1.241 -4.21e-04  0.000858 0.01211      0.845
 disconnected 2.0     0  1000     1.241  8.39e-05  0.000321 0.00453      0.789
 disconnected 2.0     0 10000     1.241  2.10e-04  0.000109 0.00156      0.780
 disconnected 2.0     1   100     0.883  5.17e-05  0.001309 0.01846      0.822
 disconnected 2.0     1  1000     0.883 -1.90e-04  0.000443 0.00626      0.769
 disconnected 2.0     1 10000     0.883  1.85e-04  0.000138 0.00196      0.813
 disconnected 2.0     2   100     0.704  1.98e-03  0.001731 0.02450      0.820
 disconnected 2.0     2  1000     0.704  8.26e-04  0.000587 0.00832      0.746
 disconnected 2.0     2 10000     0.704  1.84e-04  0.000187 0.00265      0.769

== variance reduction: RMSE(independent) / RMSE(coupled) ==
         pair eta delta     N rmse_ratio corr_coupled
        cycle 0.5     0   100       1.71        0.705
        cycle 0.5     0  1000       1.64        0.742
        cycle 0.5     0 10000       1.82        0.680
        cycle 0.5     1   100       1.71        0.662
        cycle 0.5     1  1000       1.54        0.628
        cycle 0.5     1 10000       1.54        0.701
        cycle 0.5     2   100       1.58        0.646
        cycle 0.5     2  1000       1.50        0.569
        cycle 0.5     2 10000       1.53        0.622
        cycle 1.0     0   100       1.92        0.786
        cycle 1.0     0  1000       1.85        0.782
        cycle 1.0     0 10000       1.92        0.726
        cycle 1.0     1   100       1.83        0.723
        cycle 1.0     1  1000       1.84        0.724
        cycle 1.0     1 10000       1.88        0.778
        cycle 1.0     2   100       1.98        0.786
        cycle 1.0     2  1000       1.83        0.711
        cycle 1.0     2 10000       1.90        0.698
        cycle 2.0     0   100       1.85        0.808
        cycle 2.0     0  1000       1.76        0.761
        cycle 2.0     0 10000       1.88        0.753
        cycle 2.0     1   100       1.92        0.768
        cycle 2.0     1  1000       1.85        0.781
        cycle 2.0     1 10000       1.96        0.813
        cycle 2.0     2   100       2.06        0.801
        cycle 2.0     2  1000       1.85        0.776
        cycle 2.0     2 10000       2.13        0.776
 disconnected 0.5     0   100       2.02        0.733
 disconnected 0.5     0  1000       1.76        0.716
 disconnected 0.5     0 10000       1.65        0.747
 disconnected 0.5     1   100       1.85        0.723
 disconnected 0.5     1  1000       1.65        0.644
 disconnected 0.5     1 10000       2.09        0.771
 disconnected 0.5     2   100       1.60        0.693
 disconnected 0.5     2  1000       1.66        0.597
 disconnected 0.5     2 10000       1.66        0.667
 disconnected 1.0     0   100       2.42        0.811
 disconnected 1.0     0  1000       1.94        0.764
 disconnected 1.0     0 10000       1.80        0.778
 disconnected 1.0     1   100       2.27        0.788
 disconnected 1.0     1  1000       1.93        0.738
 disconnected 1.0     1 10000       2.35        0.832
 disconnected 1.0     2   100       1.96        0.775
 disconnected 1.0     2  1000       1.96        0.726
 disconnected 1.0     2 10000       1.90        0.732
 disconnected 2.0     0   100       2.61        0.845
 disconnected 2.0     0  1000       2.16        0.789
 disconnected 2.0     0 10000       1.87        0.780
 disconnected 2.0     1   100       2.32        0.822
 disconnected 2.0     1  1000       2.01        0.769
 disconnected 2.0     1 10000       2.22        0.813
 disconnected 2.0     2   100       2.16        0.820
 disconnected 2.0     2  1000       2.08        0.746
 disconnected 2.0     2 10000       1.91        0.769

== bias detectability: |bias|/mcse (coupled) ==
cells with |bias| > 3 mcse: 0 of 54; max |bias| = 0.0187 (N = 100)
