running 54 chains on 12 cores

warning: solve(): system is singular; rcond: 1.01747e-17; attempting approx solution

warning: solve(): system is singular; rcond: 5.89994e-18; attempting approx solution

warning: solve(): system is singular; rcond: 4.24849e-17; attempting approx solution

== max within-sweep Sigma drift by cell ==
  q eta delta p_inc    drift failed
 20 0.5     0  0.10 4.80e-03  FALSE
 20 1.0     0  0.10 3.23e-02  FALSE
 20 2.0     0  0.10 3.31e-02  FALSE
 20 0.5     0  0.25 3.45e-02  FALSE
 20 1.0     0  0.25 3.88e+01  FALSE
 20 2.0     0  0.25 4.38e+02  FALSE
 20 0.5     0  0.50 5.06e+03  FALSE
 20 1.0     0  0.50 6.27e+03  FALSE
 20 2.0     0  0.50 2.17e+03  FALSE
 50 0.5     0  0.10 5.74e+03  FALSE
 50 1.0     0  0.10 1.88e+00  FALSE
 50 2.0     0  0.10 9.33e+02  FALSE
 50 0.5     0  0.25 3.38e+02  FALSE
 50 1.0     0  0.25       NA   TRUE
 50 2.0     0  0.25 1.99e+02  FALSE
 50 0.5     0  0.50       NA   TRUE
 50 1.0     0  0.50       NA   TRUE
 50 2.0     0  0.50       NA   TRUE
 20 0.5     1  0.10 4.06e-08  FALSE
 20 1.0     1  0.10 4.08e-08  FALSE
 20 2.0     1  0.10 1.10e-09  FALSE
 20 0.5     1  0.25 1.39e-10  FALSE
 20 1.0     1  0.25 3.77e-09  FALSE
 20 2.0     1  0.25 6.12e-09  FALSE
 20 0.5     1  0.50 5.65e-09  FALSE
 20 1.0     1  0.50 2.29e-09  FALSE
 20 2.0     1  0.50 5.38e-09  FALSE
 50 0.5     1  0.10 9.15e-10  FALSE
 50 1.0     1  0.10 2.61e-07  FALSE
 50 2.0     1  0.10 1.05e-07  FALSE
 50 0.5     1  0.25 1.55e-09  FALSE
 50 1.0     1  0.25 2.86e-07  FALSE
 50 2.0     1  0.25 1.23e-05  FALSE
 50 0.5     1  0.50 4.58e+02  FALSE
 50 1.0     1  0.50 9.56e+02  FALSE
 50 2.0     1  0.50 4.81e-06  FALSE
 20 0.5     2  0.10 1.12e-13  FALSE
 20 1.0     2  0.10 1.25e-12  FALSE
 20 2.0     2  0.10 1.17e-11  FALSE
 20 0.5     2  0.25 1.66e-12  FALSE
 20 1.0     2  0.25 1.30e-12  FALSE
 20 2.0     2  0.25 9.65e-12  FALSE
 20 0.5     2  0.50 1.47e-12  FALSE
 20 1.0     2  0.50 1.11e-11  FALSE
 20 2.0     2  0.50 1.01e-10  FALSE
 50 0.5     2  0.10 9.84e-13  FALSE
 50 1.0     2  0.10 4.23e-10  FALSE
 50 2.0     2  0.10 9.02e-11  FALSE
 50 0.5     2  0.25 1.02e-11  FALSE
 50 1.0     2  0.25 5.10e-11  FALSE
 50 2.0     2  0.25 1.16e-10  FALSE
 50 0.5     2  0.50 1.65e-11  FALSE
 50 1.0     2  0.50 2.21e-10  FALSE
 50 2.0     2  0.50 1.45e-09  FALSE

== summary by delta ==
delta = 0: max drift 6.27e+03 (n fail = 4)
delta = 1: max drift 9.56e+02 (n fail = 0)
delta = 2: max drift 1.45e-09 (n fail = 0)
