running 288 chains on 12 cores

warning: solve(): system is singular; rcond: 9.42848e-17; attempting approx solution

warning: solve(): system is singular; rcond: 3.44323e-17; attempting approx solution

warning: solve(): system is singular; rcond: 1.30989e-16; attempting approx solution

warning: solve(): system is singular; rcond: 1.78752e-17; attempting approx solution

warning: solve(): system is singular; rcond: 8.35125e-18; attempting approx solution

warning: solve(): system is singular; rcond: 2.3749e-17; attempting approx solution

warning: solve(): system is singular; rcond: 8.67938e-17; attempting approx solution

warning: solve(): system is singular; rcond: 1.42599e-17; attempting approx solution
failed chains:
  q eta delta p_inc seed
 50 0.5     0  0.50 8801
 50 0.5     0  0.50 8802
 50 1.0     0  0.25 8801
 50 1.0     0  0.50 8801
 50 2.0     0  0.50 8801
done in 1.4 min; 283/288 chains ok; max drift 3.49e+08

== implementation check: J2 sampled vs J1 exact at q = 5 ==
eta=0.5 delta=0.00 p=0.10: sampled E[m] = 0.743 (+-0.008), exact = 0.730, diff = +0.013
eta=1.0 delta=0.00 p=0.10: sampled E[m] = 0.529 (+-0.001), exact = 0.519, diff = +0.010
eta=2.0 delta=0.00 p=0.10: sampled E[m] = 0.329 (+-0.006), exact = 0.311, diff = +0.018
eta=0.5 delta=0.80 p=0.10: sampled E[m] = 0.854 (+-0.013), exact = 0.847, diff = +0.007
eta=1.0 delta=0.80 p=0.10: sampled E[m] = 0.661 (+-0.001), exact = 0.655, diff = +0.006
eta=2.0 delta=0.80 p=0.10: sampled E[m] = 0.421 (+-0.003), exact = 0.420, diff = +0.001
eta=0.5 delta=1.00 p=0.10: sampled E[m] = 0.871 (+-0.000), exact = 0.863, diff = +0.008
eta=1.0 delta=1.00 p=0.10: sampled E[m] = 0.684 (+-0.005), exact = 0.678, diff = +0.006
eta=2.0 delta=1.00 p=0.10: sampled E[m] = 0.444 (+-0.008), exact = 0.441, diff = +0.003
eta=0.5 delta=2.00 p=0.10: sampled E[m] = 0.914 (+-0.003), exact = 0.920, diff = -0.006
eta=1.0 delta=2.00 p=0.10: sampled E[m] = 0.771 (+-0.005), exact = 0.782, diff = -0.011
eta=2.0 delta=2.00 p=0.10: sampled E[m] = 0.529 (+-0.009), exact = 0.559, diff = -0.030
eta=0.5 delta=0.00 p=0.25: sampled E[m] = 1.927 (+-0.011), exact = 1.918, diff = +0.009
eta=1.0 delta=0.00 p=0.25: sampled E[m] = 1.413 (+-0.009), exact = 1.417, diff = -0.003
eta=2.0 delta=0.00 p=0.25: sampled E[m] = 0.885 (+-0.004), exact = 0.881, diff = +0.004
eta=0.5 delta=0.80 p=0.25: sampled E[m] = 2.171 (+-0.014), exact = 2.174, diff = -0.003
eta=1.0 delta=0.80 p=0.25: sampled E[m] = 1.722 (+-0.016), exact = 1.741, diff = -0.019
eta=2.0 delta=0.80 p=0.25: sampled E[m] = 1.163 (+-0.019), exact = 1.165, diff = -0.002
eta=0.5 delta=1.00 p=0.25: sampled E[m] = 2.190 (+-0.011), exact = 2.209, diff = -0.019
eta=1.0 delta=1.00 p=0.25: sampled E[m] = 1.792 (+-0.009), exact = 1.797, diff = -0.005
eta=2.0 delta=1.00 p=0.25: sampled E[m] = 1.194 (+-0.021), exact = 1.225, diff = -0.031
eta=0.5 delta=2.00 p=0.25: sampled E[m] = 2.303 (+-0.007), exact = 2.333, diff = -0.029
eta=1.0 delta=2.00 p=0.25: sampled E[m] = 1.974 (+-0.015), exact = 2.044, diff = -0.070
eta=2.0 delta=2.00 p=0.25: sampled E[m] = 1.419 (+-0.001), exact = 1.544, diff = -0.125
eta=0.5 delta=0.00 p=0.50: sampled E[m] = 4.208 (+-0.003), exact = 4.207, diff = +0.001
eta=1.0 delta=0.00 p=0.50: sampled E[m] = 3.379 (+-0.011), exact = 3.381, diff = -0.003
eta=2.0 delta=0.00 p=0.50: sampled E[m] = 2.308 (+-0.005), exact = 2.286, diff = +0.022
eta=0.5 delta=0.80 p=0.50: sampled E[m] = 4.554 (+-0.000), exact = 4.556, diff = -0.001
eta=1.0 delta=0.80 p=0.50: sampled E[m] = 3.899 (+-0.000), exact = 3.908, diff = -0.009
eta=2.0 delta=0.80 p=0.50: sampled E[m] = 2.872 (+-0.009), exact = 2.895, diff = -0.024
eta=0.5 delta=1.00 p=0.50: sampled E[m] = 4.597 (+-0.006), exact = 4.604, diff = -0.007
eta=1.0 delta=1.00 p=0.50: sampled E[m] = 3.987 (+-0.004), exact = 3.999, diff = -0.012
eta=2.0 delta=1.00 p=0.50: sampled E[m] = 2.981 (+-0.013), exact = 3.042, diff = -0.061
eta=0.5 delta=2.00 p=0.50: sampled E[m] = 4.743 (+-0.008), exact = 4.777, diff = -0.034
eta=1.0 delta=2.00 p=0.50: sampled E[m] = 4.265 (+-0.009), exact = 4.406, diff = -0.141
eta=2.0 delta=2.00 p=0.50: sampled E[m] = 3.344 (+-0.006), exact = 3.670, diff = -0.326

== odds factor vs c(0) across dimension (p_inc = 0.1, sparse regime) ==
  q eta delta ratio odds_factor    c0    acc
  5 0.5 0.000 0.743       0.722 0.708 0.1479
 10 0.5 0.000 0.734       0.713 0.708 0.1468
 20 0.5 0.000 0.737       0.716 0.708 0.1474
 50 0.5 0.000 0.752       0.732 0.708 0.1503
  5 0.5 0.805 0.854       0.840 0.832 0.1706
  5 0.5 1.000 0.871       0.858 0.849 0.1733
 10 0.5 1.000 0.865       0.852 0.849 0.1730
 20 0.5 1.000 0.862       0.849 0.849 0.1725
 50 0.5 1.000 0.864       0.851 0.849 0.1727
 10 0.5 1.151 0.871       0.858 0.860 0.1742
 20 0.5 1.498 0.891       0.880 0.881 0.1784
 50 0.5 1.956 0.910       0.901 0.901 0.1820
  5 0.5 2.000 0.914       0.905 0.902 0.1826
 10 0.5 2.000 0.906       0.896 0.902 0.1808
 20 0.5 2.000 0.915       0.907 0.902 0.1827
 50 0.5 2.000 0.911       0.903 0.902 0.1823
  5 1.0 0.000 0.529       0.502 0.492 0.1056
 10 1.0 0.000 0.513       0.487 0.492 0.1028
 20 1.0 0.000 0.520       0.494 0.492 0.1040
 50 1.0 0.000 0.536       0.510 0.492 0.1073
  5 1.0 0.805 0.661       0.637 0.630 0.1318
  5 1.0 1.000 0.684       0.661 0.653 0.1368
 10 1.0 1.000 0.673       0.650 0.653 0.1348
 20 1.0 1.000 0.679       0.656 0.653 0.1359
 50 1.0 1.000 0.683       0.660 0.653 0.1367
 10 1.0 1.151 0.692       0.669 0.669 0.1389
 20 1.0 1.498 0.724       0.702 0.701 0.1447
 50 1.0 1.956 0.757       0.737 0.735 0.1514
  5 1.0 2.000 0.771       0.752 0.738 0.1536
 10 1.0 2.000 0.761       0.741 0.738 0.1520
 20 1.0 2.000 0.759       0.739 0.738 0.1519
 50 1.0 2.000 0.761       0.741 0.738 0.1522
  5 2.0 0.000 0.329       0.307 0.289 0.0647
 10 2.0 0.000 0.310       0.288 0.289 0.0621
 20 2.0 0.000 0.313       0.291 0.289 0.0626
 50 2.0 0.000 0.316       0.293 0.289 0.0631
  5 2.0 0.805 0.421       0.395 0.394 0.0836
  5 2.0 1.000 0.444       0.418 0.413 0.0879
 10 2.0 1.000 0.437       0.412 0.413 0.0878
 20 2.0 1.000 0.444       0.418 0.413 0.0886
 50 2.0 1.000 0.444       0.418 0.413 0.0889
 10 2.0 1.151 0.448       0.422 0.428 0.0897
 20 2.0 1.498 0.485       0.458 0.457 0.0968
 50 2.0 1.956 0.522       0.496 0.491 0.1044
  5 2.0 2.000 0.529       0.503 0.494 0.1058
 10 2.0 2.000 0.522       0.496 0.494 0.1047
 20 2.0 2.000 0.525       0.499 0.494 0.1048
 50 2.0 2.000 0.525       0.498 0.494 0.1049

== odds factor vs c(0) (p_inc = 0.5, dense regime) ==
  q eta delta ratio odds_factor    c0   acc
  5 0.5 0.000 0.842       0.727 0.708 0.839
 10 0.5 0.000 0.862       0.758 0.708 0.855
 20 0.5 0.000 0.891       0.803 0.708 0.873
  5 0.5 0.805 0.911       0.836 0.832 0.911
  5 0.5 1.000 0.919       0.851 0.849 0.919
 10 0.5 1.000 0.924       0.859 0.849 0.924
 20 0.5 1.000 0.930       0.868 0.849 0.928
 50 0.5 1.000 0.942       0.891 0.849 0.936
 10 0.5 1.151 0.929       0.867 0.860 0.928
 20 0.5 1.498 0.942       0.890 0.881 0.941
 50 0.5 1.956 0.955       0.914 0.901 0.954
  5 0.5 2.000 0.949       0.902 0.902 0.948
 10 0.5 2.000 0.950       0.904 0.902 0.950
 20 0.5 2.000 0.952       0.908 0.902 0.951
 50 0.5 2.000 0.956       0.915 0.902 0.955
  5 1.0 0.000 0.676       0.510 0.492 0.672
 10 1.0 0.000 0.713       0.554 0.492 0.702
 20 1.0 0.000 0.774       0.631 0.492 0.740
 50 1.0 0.000 0.848       0.737 0.492 0.763
  5 1.0 0.805 0.780       0.639 0.630 0.780
  5 1.0 1.000 0.797       0.663 0.653 0.797
 10 1.0 1.000 0.809       0.679 0.653 0.806
 20 1.0 1.000 0.831       0.710 0.653 0.823
 50 1.0 1.000 0.871       0.771 0.653 0.843
 10 1.0 1.151 0.818       0.692 0.669 0.816
 20 1.0 1.498 0.850       0.739 0.701 0.846
 50 1.0 1.956 0.888       0.799 0.735 0.878
  5 1.0 2.000 0.853       0.744 0.738 0.853
 10 1.0 2.000 0.856       0.749 0.738 0.856
 20 1.0 2.000 0.866       0.764 0.738 0.864
 50 1.0 2.000 0.889       0.800 0.738 0.880
  5 2.0 0.000 0.462       0.300 0.289 0.460
 10 2.0 0.000 0.491       0.325 0.289 0.484
 20 2.0 0.000 0.559       0.388 0.289 0.534
 50 2.0 0.000 0.697       0.535 0.289 0.588
  5 2.0 0.805 0.574       0.403 0.394 0.574
  5 2.0 1.000 0.596       0.425 0.413 0.595
 10 2.0 1.000 0.610       0.439 0.413 0.606
 20 2.0 1.000 0.646       0.477 0.413 0.636
 50 2.0 1.000 0.730       0.575 0.413 0.680
 10 2.0 1.151 0.622       0.451 0.428 0.619
 20 2.0 1.498 0.676       0.510 0.457 0.669
 50 2.0 1.956 0.756       0.608 0.491 0.730
  5 2.0 2.000 0.669       0.502 0.494 0.668
 10 2.0 2.000 0.679       0.514 0.494 0.678
 20 2.0 2.000 0.701       0.539 0.494 0.696
 50 2.0 2.000 0.756       0.608 0.494 0.732
