running 48 chains on 12 cores
done in 0.2 min; max drift 1.44e+06

== plain joint specification (table cells) ==
 eta delta  E_J halfdiff ratio odds_factor    c0
 0.5 0.000 4.21 1.18e-03 0.842       0.727 0.708
 0.5 0.805 4.56 1.10e-03 0.911       0.837 0.832
 0.5 1.000 4.60 2.07e-04 0.920       0.853 0.849
 0.5 2.000 4.74 4.67e-04 0.949       0.903 0.902
 1.0 0.000 3.39 6.82e-04 0.677       0.512 0.492
 1.0 0.805 3.90 9.85e-05 0.781       0.641 0.630
 1.0 1.000 3.98 1.11e-03 0.796       0.662 0.653
 1.0 2.000 4.26 1.54e-03 0.852       0.741 0.738
 2.0 0.000 2.30 1.37e-03 0.460       0.299 0.289
 2.0 0.805 2.87 4.85e-04 0.574       0.402 0.394
 2.0 1.000 2.96 1.01e-03 0.593       0.421 0.413
 2.0 2.000 3.34 9.07e-04 0.668       0.501 0.494
max halfdiff (plain): 0.0015

== compensated specification: recovered E[m] against 5 ==
 eta delta  E_J halfdiff  rel_err
 0.5 0.000 5.09 0.001280 0.017812
 0.5 0.805 5.02 0.000591 0.003223
 0.5 1.000 5.01 0.000811 0.002103
 0.5 2.000 5.00 0.000366 0.000407
 1.0 0.000 5.22 0.001854 0.043954
 1.0 0.805 5.07 0.000902 0.013931
 1.0 1.000 5.05 0.000230 0.010786
 1.0 2.000 5.02 0.000182 0.003876
 2.0 0.000 5.38 0.000144 0.075348
 2.0 0.805 5.16 0.001846 0.032724
 2.0 1.000 5.14 0.000505 0.027605
 2.0 2.000 5.07 0.000770 0.014323

Saved tables/joint_sparsening.tex and R/results/joint_spec_sparsening_J1_chain_table.rds
