q=4 eta=0.5 delta=0.00 seed=71001 done in 2.0 s
q=4 eta=0.5 delta=0.00 seed=71002 done in 2.0 s
q=4 eta=0.5 delta=1.00 seed=71001 done in 2.0 s
q=4 eta=0.5 delta=1.00 seed=71002 done in 2.0 s
q=4 eta=0.5 delta=2.00 seed=71001 done in 2.0 s
q=4 eta=0.5 delta=2.00 seed=71002 done in 2.2 s
q=4 eta=0.5 delta=0.69 seed=71001 done in 2.3 s
q=4 eta=0.5 delta=0.69 seed=71002 done in 2.2 s
q=4 eta=1.0 delta=0.00 seed=71001 done in 2.1 s
q=4 eta=1.0 delta=0.00 seed=71002 done in 2.1 s
q=4 eta=1.0 delta=1.00 seed=71001 done in 2.1 s
q=4 eta=1.0 delta=1.00 seed=71002 done in 2.2 s
q=4 eta=1.0 delta=2.00 seed=71001 done in 2.3 s
q=4 eta=1.0 delta=2.00 seed=71002 done in 2.4 s
q=4 eta=1.0 delta=0.69 seed=71001 done in 2.3 s
q=4 eta=1.0 delta=0.69 seed=71002 done in 2.3 s
q=4 eta=2.0 delta=0.00 seed=71001 done in 2.3 s
q=4 eta=2.0 delta=0.00 seed=71002 done in 2.4 s
q=4 eta=2.0 delta=1.00 seed=71001 done in 2.7 s
q=4 eta=2.0 delta=1.00 seed=71002 done in 2.7 s
q=4 eta=2.0 delta=2.00 seed=71001 done in 2.7 s
q=4 eta=2.0 delta=2.00 seed=71002 done in 2.8 s
q=4 eta=2.0 delta=0.69 seed=71001 done in 2.8 s
q=4 eta=2.0 delta=0.69 seed=71002 done in 2.9 s
q=5 eta=0.5 delta=0.00 seed=71001 done in 24.4 s
q=5 eta=0.5 delta=0.00 seed=71002 done in 24.2 s
q=5 eta=0.5 delta=1.00 seed=71001 done in 25.2 s
q=5 eta=0.5 delta=1.00 seed=71002 done in 26.2 s
q=5 eta=0.5 delta=2.00 seed=71001 done in 26.4 s
q=5 eta=0.5 delta=2.00 seed=71002 done in 26.4 s
q=5 eta=0.5 delta=0.80 seed=71001 done in 26.5 s
q=5 eta=0.5 delta=0.80 seed=71002 done in 25.6 s
q=5 eta=1.0 delta=0.00 seed=71001 done in 23.3 s
q=5 eta=1.0 delta=0.00 seed=71002 done in 23.1 s
q=5 eta=1.0 delta=1.00 seed=71001 done in 23.0 s
q=5 eta=1.0 delta=1.00 seed=71002 done in 22.9 s
q=5 eta=1.0 delta=2.00 seed=71001 done in 22.6 s
q=5 eta=1.0 delta=2.00 seed=71002 done in 23.7 s
q=5 eta=1.0 delta=0.80 seed=71001 done in 24.3 s
q=5 eta=1.0 delta=0.80 seed=71002 done in 22.6 s
q=5 eta=2.0 delta=0.00 seed=71001 done in 22.3 s
q=5 eta=2.0 delta=0.00 seed=71002 done in 20.8 s
q=5 eta=2.0 delta=1.00 seed=71001 done in 20.6 s
q=5 eta=2.0 delta=1.00 seed=71002 done in 20.8 s
q=5 eta=2.0 delta=2.00 seed=71001 done in 22.5 s
q=5 eta=2.0 delta=2.00 seed=71002 done in 20.7 s
q=5 eta=2.0 delta=0.80 seed=71001 done in 20.9 s
q=5 eta=2.0 delta=0.80 seed=71002 done in 20.6 s

== sparsening summary (p_inc = 0.5) ==
 q eta delta p_inc E_w  E_J  E_J_err ratio odds_factor odds_err    c0
 4 0.5 0.000   0.5   3 2.51 0.000469 0.837       0.720 0.000231 0.708
 5 0.5 0.000   0.5   5 4.21 0.001796 0.841       0.726 0.000535 0.708
 4 1.0 0.000   0.5   3 2.01 0.002102 0.671       0.505 0.000793 0.492
 5 1.0 0.000   0.5   5 3.38 0.003743 0.676       0.511 0.000854 0.492
 4 2.0 0.000   0.5   3 1.37 0.002135 0.456       0.295 0.000597 0.289
 5 2.0 0.000   0.5   5 2.29 0.005268 0.457       0.296 0.000885 0.289
 4 0.5 0.693   0.5   3 2.71 0.001029 0.904       0.824 0.000571 0.821
 4 1.0 0.693   0.5   3 2.30 0.003314 0.768       0.623 0.001455 0.615
 4 2.0 0.693   0.5   3 1.68 0.005242 0.559       0.388 0.001682 0.382
 5 0.5 0.805   0.5   5 4.56 0.003062 0.911       0.837 0.001033 0.832
 5 1.0 0.805   0.5   5 3.91 0.005227 0.782       0.641 0.001408 0.630
 5 2.0 0.805   0.5   5 2.90 0.000609 0.579       0.408 0.000121 0.394
 4 0.5 1.000   0.5   3 2.76 0.001023 0.920       0.851 0.000584 0.849
 5 0.5 1.000   0.5   5 4.60 0.001229 0.921       0.853 0.000422 0.849
 4 1.0 1.000   0.5   3 2.39 0.003101 0.795       0.660 0.001424 0.653
 5 1.0 1.000   0.5   5 4.00 0.002473 0.800       0.666 0.000687 0.653
 4 2.0 1.000   0.5   3 1.78 0.003415 0.592       0.420 0.001148 0.413
 5 2.0 1.000   0.5   5 3.04 0.016500 0.608       0.437 0.003408 0.413
 4 0.5 2.000   0.5   3 2.85 0.003171 0.951       0.906 0.001920 0.902
 5 0.5 2.000   0.5   5 4.78 0.013115 0.955       0.915 0.004808 0.902
 4 1.0 2.000   0.5   3 2.57 0.016840 0.856       0.749 0.008585 0.738
 5 1.0 2.000   0.5   5 4.41 0.037936 0.881       0.788 0.012124 0.738
 4 2.0 2.000   0.5   3 2.01 0.029112 0.671       0.505 0.010991 0.494
 5 2.0 2.000   0.5   5 3.67 0.128563 0.734       0.580 0.032095 0.494

== sparsening summary (p_inc = 0.25) ==
 q eta delta p_inc E_w   E_J  E_J_err ratio odds_factor odds_err    c0
 4 0.5 0.000  0.25 1.5 1.149 4.83e-05 0.766       0.711 3.70e-05 0.708
 5 0.5 0.000  0.25 2.5 1.918 1.43e-05 0.767       0.712 6.57e-06 0.708
 4 1.0 0.000  0.25 1.5 0.848 5.43e-04 0.566       0.494 3.68e-04 0.492
 5 1.0 0.000  0.25 2.5 1.417 7.90e-04 0.567       0.495 3.22e-04 0.492
 4 2.0 0.000  0.25 1.5 0.529 3.77e-04 0.353       0.290 2.27e-04 0.289
 5 2.0 0.000  0.25 2.5 0.881 7.72e-04 0.352       0.290 2.78e-04 0.289
 4 0.5 0.693  0.25 1.5 1.290 5.93e-04 0.860       0.821 4.81e-04 0.821
 4 1.0 0.693  0.25 1.5 1.023 1.48e-03 0.682       0.617 1.07e-03 0.615
 4 2.0 0.693  0.25 1.5 0.679 1.72e-03 0.452       0.383 1.09e-03 0.382
 5 0.5 0.805  0.25 2.5 2.174 2.65e-03 0.870       0.833 1.30e-03 0.832
 5 1.0 0.805  0.25 2.5 1.741 3.07e-03 0.697       0.633 1.35e-03 0.630
 5 2.0 0.805  0.25 2.5 1.165 4.63e-03 0.466       0.396 1.78e-03 0.394
 4 0.5 1.000  0.25 1.5 1.324 6.06e-04 0.883       0.850 4.99e-04 0.849
 5 0.5 1.000  0.25 2.5 2.209 1.85e-03 0.884       0.850 9.16e-04 0.849
 4 1.0 1.000  0.25 1.5 1.075 1.56e-03 0.716       0.655 1.16e-03 0.653
 5 1.0 1.000  0.25 2.5 1.797 1.41e-03 0.719       0.657 6.29e-04 0.653
 4 2.0 1.000  0.25 1.5 0.729 1.49e-03 0.486       0.415 9.67e-04 0.413
 5 2.0 1.000  0.25 2.5 1.225 3.06e-03 0.490       0.419 1.19e-03 0.413
 4 0.5 2.000  0.25 1.5 1.391 1.93e-03 0.927       0.905 1.63e-03 0.902
 5 0.5 2.000  0.25 2.5 2.333 9.23e-03 0.933       0.913 4.71e-03 0.902
 4 1.0 2.000  0.25 1.5 1.193 7.72e-03 0.796       0.745 6.01e-03 0.738
 5 1.0 2.000  0.25 2.5 2.044 2.17e-02 0.818       0.771 1.03e-02 0.738
 4 2.0 2.000  0.25 1.5 0.859 1.34e-02 0.573       0.502 9.11e-03 0.494
 5 2.0 2.000  0.25 2.5 1.544 3.09e-02 0.617       0.548 1.30e-02 0.494

== bracket check over all (graph, absent edge) pairs ==
 q eta delta    c0 n_pairs n_inside  r_min r_max
 4 0.5 0.000 0.708     192      192 0.7065 0.767
 5 0.5 0.000 0.708    5120     5120 0.7044 0.789
 4 1.0 0.000 0.492     192      192 0.4895 0.593
 5 1.0 0.000 0.492    5120     5120 0.4777 0.636
 4 2.0 0.000 0.289     192      192 0.2833 0.406
 5 2.0 0.000 0.289    5120     5120 0.0769 0.500
 4 0.5 0.693 0.821     192      192 0.8202 0.837
 4 1.0 0.693 0.615     192      192 0.6133 0.666
 4 2.0 0.693 0.382     192      192 0.3755 0.472
 5 0.5 0.805 0.832    5120     5120 0.8294 0.857
 5 1.0 0.805 0.630    5120     5120 0.6168 0.713
 5 2.0 0.805 0.394    5120     5120 0.2906 0.905
 4 0.5 1.000 0.849     192      192 0.8486 0.859
 5 0.5 1.000 0.849    5120     5120 0.8462 0.870
 4 1.0 1.000 0.653     192      192 0.6502 0.695
 5 1.0 1.000 0.653    5120     5120 0.6389 0.748
 4 2.0 1.000 0.413     192      192 0.4055 0.501
 5 2.0 1.000 0.413    5120     5120 0.2969 1.015
 4 0.5 2.000 0.902     192      192 0.9014 0.912
 5 0.5 2.000 0.902    5120     5120 0.8965 0.935
 4 1.0 2.000 0.738     192      192 0.7231 0.785
 5 1.0 2.000 0.738    5120     5120 0.7053 0.908
 4 2.0 2.000 0.494     192      192 0.4219 0.624
 5 2.0 2.000 0.494    5120     5120 0.2661 1.203

Wrote tables/joint_sparsening.tex
