Cells: 50

warning: inv_sympd(): given matrix is not symmetric

warning: inv_sympd(): given matrix is not symmetric

warning: inv_sympd(): given matrix is not symmetric

warning: inv_sympd(): given matrix is not symmetric

warning: inv_sympd(): given matrix is not symmetric

warning: inv_sympd(): given matrix is not symmetric

warning: inv_sympd(): given matrix is not symmetric

warning: inv_sympd(): given matrix is not symmetric

warning: inv_sympd(): given matrix is not symmetric

warning: inv_sympd(): given matrix is not symmetric

warning: inv_sympd(): given matrix is not symmetric

warning: inv_sympd(): given matrix is not symmetric

warning: inv_sympd(): given matrix is not symmetric

warning: inv_sympd(): given matrix is not symmetric

warning: inv_sympd(): given matrix is not symmetric

warning: inv_sympd(): given matrix is not symmetric

warning: inv_sympd(): given matrix is not symmetric

warning: inv_sympd(): given matrix is not symmetric

warning: inv_sympd(): given matrix is not symmetric

warning: inv_sympd(): given matrix is not symmetric

warning: inv_sympd(): given matrix is not symmetric

warning: inv_sympd(): given matrix is not symmetric

warning: inv_sympd(): given matrix is not symmetric

warning: inv_sympd(): given matrix is not symmetric

warning: inv_sympd(): given matrix is not symmetric

warning: inv_sympd(): given matrix is not symmetric

warning: inv_sympd(): given matrix is not symmetric

warning: inv_sympd(): given matrix is not symmetric

warning: inv_sympd(): given matrix is not symmetric

warning: inv_sympd(): given matrix is not symmetric

warning: inv_sympd(): given matrix is not symmetric

warning: inv_sympd(): given matrix is not symmetric

warning: inv_sympd(): given matrix is not symmetric

warning: inv_sympd(): given matrix is not symmetric

warning: inv_sympd(): given matrix is not symmetric

warning: inv_sympd(): given matrix is not symmetric

warning: inv_sympd(): given matrix is not symmetric

warning: inv_sympd(): given matrix is not symmetric

warning: inv_sympd(): given matrix is not symmetric

warning: inv_sympd(): given matrix is not symmetric

warning: inv_sympd(): given matrix is not symmetric

warning: inv_sympd(): given matrix is not symmetric

warning: inv_sympd(): given matrix is not symmetric

warning: inv_sympd(): given matrix is not symmetric

warning: inv_sympd(): given matrix is not symmetric

warning: inv_sympd(): given matrix is not symmetric

warning: inv_sympd(): given matrix is not symmetric

warning: inv_sympd(): given matrix is not symmetric

warning: inv_sympd(): given matrix is not symmetric

warning: inv_sympd(): given matrix is not symmetric

warning: inv_sympd(): given matrix is not symmetric

warning: inv_sympd(): given matrix is not symmetric

warning: inv_sympd(): given matrix is not symmetric

warning: inv_sympd(): given matrix is not symmetric

warning: inv_sympd(): given matrix is not symmetric

warning: inv_sympd(): given matrix is not symmetric

warning: inv_sympd(): given matrix is not symmetric

warning: inv_sympd(): given matrix is not symmetric

warning: inv_sympd(): given matrix is not symmetric

warning: inv_sympd(): given matrix is not symmetric

warning: inv_sympd(): given matrix is not symmetric

warning: inv_sympd(): given matrix is not symmetric

warning: inv_sympd(): given matrix is not symmetric

warning: inv_sympd(): given matrix is not symmetric

warning: inv_sympd(): given matrix is not symmetric

warning: inv_sympd(): given matrix is not symmetric

warning: inv_sympd(): given matrix is not symmetric

warning: inv_sympd(): given matrix is not symmetric

warning: inv_sympd(): given matrix is not symmetric

warning: inv_sympd(): given matrix is not symmetric

warning: inv_sympd(): given matrix is not symmetric

warning: inv_sympd(): given matrix is not symmetric

warning: inv_sympd(): given matrix is not symmetric

warning: inv_sympd(): given matrix is not symmetric

warning: inv_sympd(): given matrix is not symmetric

warning: inv_sympd(): given matrix is not symmetric

warning: inv_sympd(): given matrix is not symmetric

warning: inv_sympd(): given matrix is not symmetric

warning: inv_sympd(): given matrix is not symmetric

warning: inv_sympd(): given matrix is not symmetric

warning: inv_sympd(): given matrix is not symmetric

warning: inv_sympd(): given matrix is not symmetric

warning: inv_sympd(): given matrix is not symmetric

warning: inv_sympd(): given matrix is not symmetric

warning: inv_sympd(): given matrix is not symmetric

warning: inv_sympd(): given matrix is not symmetric

warning: inv_sympd(): given matrix is not symmetric

warning: inv_sympd(): given matrix is not symmetric

warning: inv_sympd(): given matrix is not symmetric

warning: inv_sympd(): given matrix is not symmetric

warning: inv_sympd(): given matrix is not symmetric

warning: inv_sympd(): given matrix is not symmetric

warning: inv_sympd(): given matrix is not symmetric

warning: inv_sympd(): given matrix is not symmetric

warning: inv_sympd(): given matrix is not symmetric

warning: inv_sympd(): given matrix is not symmetric

warning: inv_sympd(): given matrix is not symmetric

warning: inv_sympd(): given matrix is not symmetric

warning: inv_sympd(): given matrix is not symmetric

warning: inv_sympd(): given matrix is not symmetric

warning: inv_sympd(): given matrix is not symmetric

warning: inv_sympd(): given matrix is not symmetric

warning: inv_sympd(): given matrix is not symmetric

warning: inv_sympd(): given matrix is not symmetric

warning: inv_sympd(): given matrix is not symmetric

warning: inv_sympd(): given matrix is not symmetric

warning: inv_sympd(): given matrix is not symmetric

warning: inv_sympd(): given matrix is not symmetric

warning: inv_sympd(): given matrix is not symmetric

warning: inv_sympd(): given matrix is not symmetric

warning: inv_sympd(): given matrix is not symmetric

warning: inv_sympd(): given matrix is not symmetric

warning: inv_sympd(): given matrix is not symmetric

warning: inv_sympd(): given matrix is not symmetric

warning: inv_sympd(): given matrix is not symmetric

warning: inv_sympd(): given matrix is not symmetric

warning: inv_sympd(): given matrix is not symmetric

warning: inv_sympd(): given matrix is not symmetric

warning: inv_sympd(): given matrix is not symmetric

warning: inv_sympd(): given matrix is not symmetric

warning: inv_sympd(): given matrix is not symmetric

warning: inv_sympd(): given matrix is not symmetric

warning: inv_sympd(): given matrix is not symmetric

warning: inv_sympd(): given matrix is not symmetric

warning: inv_sympd(): given matrix is not symmetric

warning: inv_sympd(): given matrix is not symmetric

warning: inv_sympd(): given matrix is not symmetric

warning: inv_sympd(): given matrix is not symmetric

warning: inv_sympd(): given matrix is not symmetric

warning: inv_sympd(): given matrix is not symmetric

warning: inv_sympd(): given matrix is not symmetric

warning: inv_sympd(): given matrix is not symmetric

warning: inv_sympd(): given matrix is not symmetric

warning: inv_sympd(): given matrix is not symmetric

warning: inv_sympd(): given matrix is not symmetric

warning: inv_sympd(): given matrix is not symmetric

warning: inv_sympd(): given matrix is not symmetric

warning: inv_sympd(): given matrix is not symmetric

warning: inv_sympd(): given matrix is not symmetric

warning: inv_sympd(): given matrix is not symmetric

warning: inv_sympd(): given matrix is not symmetric

warning: inv_sympd(): given matrix is not symmetric

warning: inv_sympd(): given matrix is not symmetric

warning: inv_sympd(): given matrix is not symmetric

warning: inv_sympd(): given matrix is not symmetric

warning: inv_sympd(): given matrix is not symmetric

warning: inv_sympd(): given matrix is not symmetric

warning: inv_sympd(): given matrix is not symmetric

warning: inv_sympd(): given matrix is not symmetric

warning: inv_sympd(): given matrix is not symmetric

warning: inv_sympd(): given matrix is not symmetric

warning: inv_sympd(): given matrix is not symmetric

warning: inv_sympd(): given matrix is not symmetric

warning: inv_sympd(): given matrix is not symmetric

warning: inv_sympd(): given matrix is not symmetric

warning: inv_sympd(): given matrix is not symmetric

warning: inv_sympd(): given matrix is not symmetric

warning: inv_sympd(): given matrix is not symmetric

warning: inv_sympd(): given matrix is not symmetric

warning: inv_sympd(): given matrix is not symmetric

warning: inv_sympd(): given matrix is not symmetric

warning: inv_sympd(): given matrix is not symmetric

warning: inv_sympd(): given matrix is not symmetric

warning: inv_sympd(): given matrix is not symmetric

warning: inv_sympd(): given matrix is not symmetric

warning: inv_sympd(): given matrix is not symmetric

warning: inv_sympd(): given matrix is not symmetric

warning: inv_sympd(): given matrix is not symmetric

warning: inv_sympd(): given matrix is not symmetric

warning: inv_sympd(): given matrix is not symmetric

warning: inv_sympd(): given matrix is not symmetric
Done in 2.9 min
Wrote /Users/maartenmarsman/Library/CloudStorage/Dropbox/Projecten/SV/spikeslab/R/results/rho_uniform_calibration.rds

Uniform target: SD = 0.577, beta = 0, Pr(|rho|>0.5) = 0.5

  q delta sigma    n rho_sd beta_hat p_gt_0.5
 10   0.0     1 4000  0.423    1.152  0.25875
 10   0.0     2 4000  0.467    0.746  0.33825
 10   0.0     4 4000  0.469    0.719  0.33125
 10   0.0     8 4000  0.474    0.688  0.35250
 10   0.0    20 4000  0.480    0.602  0.36325
 10   0.5     1 4000  0.358    2.243  0.17625
 10   0.5     2 4000  0.404    1.483  0.24600
 10   0.5     4 4000  0.414    1.367  0.26375
 10   0.5     8 4000  0.426    1.255  0.27600
 10   0.5    20 4000  0.433    1.153  0.28975
 10   1.0     1 4000  0.316    3.350  0.11575
 10   1.0     2 4000  0.359    2.321  0.17825
 10   1.0     4 4000  0.378    1.914  0.20400
 10   1.0     8 4000  0.392    1.736  0.22275
 10   1.0    20 4000  0.394    1.720  0.23225
 10   2.0     1 4000  0.253    6.165  0.05050
 10   2.0     2 4000  0.299    4.025  0.09700
 10   2.0     4 4000  0.325    3.225  0.13275
 10   2.0     8 4000  0.343    2.709  0.15475
 10   2.0    20 4000  0.348    2.611  0.16075
 10   4.5     1 1772  0.160   17.856  0.00395
 10   4.5     2 4000  0.224    8.359  0.02400
 10   4.5     4 4000  0.253    6.245  0.04575
 10   4.5     8 4000  0.267    5.529  0.05875
 10   4.5    20 4000  0.269    5.405  0.06325
 20   0.0     1 4000  0.424    1.088  0.26025
 20   0.0     2 4000  0.450    0.900  0.30875
 20   0.0     4 4000  0.454    0.834  0.31275
 20   0.0     8 4000  0.461    0.783  0.32575
 20   0.0    20 4000  0.469    0.718  0.33250
 20   0.5     1 4000  0.368    2.000  0.18575
 20   0.5     2 4000  0.397    1.599  0.23575
 20   0.5     4 4000  0.413    1.397  0.25750
 20   0.5     8 4000  0.426    1.203  0.26950
 20   0.5    20 4000  0.417    1.339  0.27225
 20   1.0     1 4000  0.320    3.223  0.12075
 20   1.0     2 4000  0.361    2.267  0.17575
 20   1.0     4 4000  0.379    1.935  0.20325
 20   1.0     8 4000  0.382    1.880  0.20975
 20   1.0    20 4000  0.392    1.729  0.22600
 20   2.0     1 4000  0.253    6.109  0.05400
 20   2.0     2 4000  0.302    3.930  0.09975
 20   2.0     4 4000  0.326    3.162  0.12975
 20   2.0     8 4000  0.336    2.930  0.14700
 20   2.0    20 4000  0.341    2.749  0.15000
 20   4.5     1  726  0.170   15.772  0.00275
 20   4.5     2 4000  0.217    9.047  0.01850
 20   4.5     4 4000  0.256    6.130  0.05050
 20   4.5     8 4000  0.260    5.882  0.05400
 20   4.5    20 4000  0.272    5.238  0.06050
