== (a) q = 2 empty graph + edge (1,2): J against 1/c(0) ==
eta=0.5 delta=0: J_hat = 1.41251 (se 0.00051), 1/c0 = 1.41246, z = +0.11
eta=0.5 delta=1: J_hat = 1.17769 (se 0.00050), 1/c0 = 1.17810, z = -0.81
eta=0.5 delta=2: J_hat = 1.10840 (se 0.00071), 1/c0 = 1.10851, z = -0.16
eta=1.0 delta=0: J_hat = 2.03399 (se 0.00041), 1/c0 = 2.03380, z = +0.46
eta=1.0 delta=1: J_hat = 1.53176 (se 0.00039), 1/c0 = 1.53193, z = -0.42
eta=1.0 delta=2: J_hat = 1.35582 (se 0.00048), 1/c0 = 1.35587, z = -0.09
eta=2.0 delta=0: J_hat = 3.45905 (se 0.00028), 1/c0 = 3.45885, z = +0.68
eta=2.0 delta=1: J_hat = 2.41890 (se 0.00026), 1/c0 = 2.41897, z = -0.26
eta=2.0 delta=2: J_hat = 2.02235 (se 0.00031), 1/c0 = 2.02232, z = +0.08

== (b) q = 4 against brute-force Z ratios ==
             label eta delta J_hat      J_se J_true J_true_se   z_score
     empty + (1,2)   1     0 2.034 0.0002992  2.034  0.002069 -0.270436
 path12,23 + (3,4)   1     0 2.033 0.0006337  2.036  0.006610 -0.409977
 path12,23 + (1,3)   1     0 1.824 0.0004321  1.822  0.005662  0.336341
     star2 + (3,4)   1     0 1.823 0.0004085  1.817  0.008461  0.739557
     empty + (1,2)   1     1 1.532 0.0006932  1.531  0.010192  0.095266
 path12,23 + (3,4)   1     1 1.532 0.0003680  1.529  0.018041  0.139252
 path12,23 + (1,3)   1     1 1.489 0.0007077  1.494  0.017283 -0.317424
     star2 + (3,4)   1     1 1.489 0.0006205  1.483  0.022939  0.250912
     empty + (1,2)   2     0 3.459 0.0002517  3.463  0.005434 -0.751064
 path12,23 + (3,4)   2     0 3.459 0.0003847  3.458  0.024736  0.009051
 path12,23 + (1,3)   2     0 2.891 0.0002197  2.934  0.019657 -2.157116
     star2 + (3,4)   2     0 2.890 0.0006007  2.869  0.035987  0.575679
     empty + (1,2)   2     1 2.419 0.0005155  2.411  0.019231  0.398993
 path12,23 + (3,4)   2     1 2.419 0.0003812  2.426  0.057337 -0.117565
 path12,23 + (1,3)   2     1 2.254 0.0003688  2.294  0.050897 -0.784254
     star2 + (3,4)   2     1 2.254 0.0003795  2.245  0.086150  0.102089
max |z| = 2.16 over 16 cells

== (c) coupled vs independent (path12,23,34 + (1,3), eta = 1, delta = 1) ==
coupled:     var(log J) = 3.860e-04, corr(means) = 0.808
independent: var(log J) = 1.928e-03, corr(means) = -0.096
variance reduction factor = 5.0

Saved R/results/verify_akm_ratio.rds
